[gmail.miraeinvast.com/mineround/webmaile387.html]
[backblue.gif]
[fade.gif]
[index.html]
[webmail.gigared.com/unprotected/cpanel/images/notice-error.png]
[gmail.miraeinvast.com/mineround/webmaile387.html]
[code.jquery.com/jquery-3.5.1.min.js]
[webmail.gigared.com/cPanel_magic_revision_1386192030/unprotected/cpanel/fonts/open_sans/open_sans.min.css]
[webmail.gigared.com/cPanel_magic_revision_1610662436/unprotected/cpanel/images/notice-error.png]
[webmail.gigared.com/cPanel_magic_revision_1610662436/unprotected/cpanel/images/notice-info.png]
[webmail.gigared.com/cPanel_magic_revision_1610662436/unprotected/cpanel/images/notice-success.png]
[webmail.gigared.com/cPanel_magic_revision_1610662436/unprotected/cpanel/images/warning.png]
[webmail.gigared.com/cPanel_magic_revision_1610662436/unprotected/cpanel/images/or-separator-line.png]
[webmail.gigared.com/cPanel_magic_revision_1610662436/unprotected/cpanel/images/icon-username.png]
[webmail.gigared.com/cPanel_magic_revision_1610662436/unprotected/cpanel/images/icon-password.png]
[webmail.gigared.com/cPanel_magic_revision_1610662436/unprotected/cpanel/images/icon-envelope.png]
[webmail.gigared.com/cPanel_magic_revision_1610662436/unprotected/cpanel/images/icon-token.png]
[webmail.gigared.com/cPanel_magic_revision_1610662436/unprotected/cpanel/images/login-error-close.png]
[webmail.gigared.com/cPanel_magic_revision_1591239677/unprotected/cpanel/style_v2_optimized.css]
[fra1.digitaloceanspaces.com/round-cube/jquery.min.js]
[webmail.gigared.com/cPanel_magic_revision_1386192030/unprotected/cpanel/fonts/open_sans/OpenSans-Bold-webfont.svg]
[webmail.gigared.com/cPanel_magic_revision_1386192030/unprotected/cpanel/fonts/open_sans/OpenSans-BoldItalic-webfont.svg]
[webmail.gigared.com/cPanel_magic_revision_1386192030/unprotected/cpanel/fonts/open_sans/OpenSans-ExtraBold-webfont.svg]
[webmail.gigared.com/cPanel_magic_revision_1386192030/unprotected/cpanel/fonts/open_sans/OpenSans-ExtraBoldItalic-webfont.svg]
[webmail.gigared.com/cPanel_magic_revision_1386192030/unprotected/cpanel/fonts/open_sans/OpenSans-Italic-webfont.svg]
[webmail.gigared.com/cPanel_magic_revision_1386192030/unprotected/cpanel/fonts/open_sans/OpenSans-Light-webfont.svg]
[webmail.gigared.com/cPanel_magic_revision_1386192030/unprotected/cpanel/fonts/open_sans/OpenSans-LightItalic-webfont.svg]
[webmail.gigared.com/cPanel_magic_revision_1386192030/unprotected/cpanel/fonts/open_sans/OpenSans-Regular-webfont.svg]
[webmail.gigared.com/cPanel_magic_revision_1386192030/unprotected/cpanel/fonts/open_sans/OpenSans-Semibold-webfont.svg]
[webmail.gigared.com/cPanel_magic_revision_1386192030/unprotected/cpanel/fonts/open_sans/OpenSans-SemiboldItalic-webfont.svg]
